# npx tsc --noEmit (after PODFIX A3a: src/i18n/utils.ts — UiStrings)
# Remaining TypeScript errors:

src/components/InteractiveAgenda.tsx(946,35): error TS7053: Element implicitly has an 'any' type because expression of type 'string' can't be used to index type 'Record<Category, { color: string; label: string; }>'.
  No index signature with a parameter of type 'string' was found on type 'Record<Category, { color: string; label: string; }>'.
src/components/InteractiveAgenda.tsx(1120,26): error TS7053: Element implicitly has an 'any' type because expression of type 'string' can't be used to index type 'Record<Category, { color: string; label: string; }>'.
  No index signature with a parameter of type 'string' was found on type 'Record<Category, { color: string; label: string; }>'.
src/components/MediaPage.tsx(213,43): error TS2448: Block-scoped variable 'mediaLabels' used before its declaration.
src/components/MediaPage.tsx(213,43): error TS2454: Variable 'mediaLabels' is used before being assigned.
src/components/MediaPage.tsx(607,57): error TS2339: Property 'type' does not exist on type 'ArchiveItem | { outlet: string; description: string; date: string; href: string; badge: string; }'.
  Property 'type' does not exist on type '{ outlet: string; description: string; date: string; href: string; badge: string; }'.
src/components/MediaPage.tsx(617,21): error TS2339: Property 'outletLogo' does not exist on type 'ArchiveItem | { outlet: string; description: string; date: string; href: string; badge: string; }'.
  Property 'outletLogo' does not exist on type '{ outlet: string; description: string; date: string; href: string; badge: string; }'.
src/components/MediaPage.tsx(619,29): error TS2339: Property 'outletLogo' does not exist on type 'ArchiveItem | { outlet: string; description: string; date: string; href: string; badge: string; }'.
  Property 'outletLogo' does not exist on type '{ outlet: string; description: string; date: string; href: string; badge: string; }'.
src/components/MediaPage.tsx(649,37): error TS2339: Property 'type' does not exist on type 'ArchiveItem | { outlet: string; description: string; date: string; href: string; badge: string; }'.
  Property 'type' does not exist on type '{ outlet: string; description: string; date: string; href: string; badge: string; }'.
src/components/MediaPage.tsx(651,21): error TS2339: Property 'isPlaceholder' does not exist on type 'ArchiveItem | { outlet: string; description: string; date: string; href: string; badge: string; }'.
  Property 'isPlaceholder' does not exist on type '{ outlet: string; description: string; date: string; href: string; badge: string; }'.
src/components/RegistrationEmbed.tsx(54,5): error TS2353: Object literal may only specify known properties, and 'admissionNote' does not exist in type '{ title: string; subtitle: string; howTitle: string; step1: string; step2: string; step3: string; openForm: string; tip: string; deadline: string; dateLabel: string; placeLabel: string; admissionLabel: string; ... 5 more ...; contactUs: string; }'.
src/components/RegistrationEmbed.tsx(73,5): error TS2353: Object literal may only specify known properties, and 'admissionNote' does not exist in type '{ title: string; subtitle: string; howTitle: string; step1: string; step2: string; step3: string; openForm: string; tip: string; deadline: string; dateLabel: string; placeLabel: string; admissionLabel: string; ... 5 more ...; contactUs: string; }'.
src/components/RegistrationEmbed.tsx(92,5): error TS2353: Object literal may only specify known properties, and 'admissionNote' does not exist in type '{ title: string; subtitle: string; howTitle: string; step1: string; step2: string; step3: string; openForm: string; tip: string; deadline: string; dateLabel: string; placeLabel: string; admissionLabel: string; ... 5 more ...; contactUs: string; }'.
src/components/RegistrationEmbed.tsx(111,5): error TS2353: Object literal may only specify known properties, and 'admissionNote' does not exist in type '{ title: string; subtitle: string; howTitle: string; step1: string; step2: string; step3: string; openForm: string; tip: string; deadline: string; dateLabel: string; placeLabel: string; admissionLabel: string; ... 5 more ...; contactUs: string; }'.
src/components/RegistrationEmbed.tsx(130,5): error TS2353: Object literal may only specify known properties, and 'admissionNote' does not exist in type '{ title: string; subtitle: string; howTitle: string; step1: string; step2: string; step3: string; openForm: string; tip: string; deadline: string; dateLabel: string; placeLabel: string; admissionLabel: string; ... 5 more ...; contactUs: string; }'.
src/components/RegistrationEmbed.tsx(149,5): error TS2353: Object literal may only specify known properties, and 'admissionNote' does not exist in type '{ title: string; subtitle: string; howTitle: string; step1: string; step2: string; step3: string; openForm: string; tip: string; deadline: string; dateLabel: string; placeLabel: string; admissionLabel: string; ... 5 more ...; contactUs: string; }'.
src/components/RegistrationEmbed.tsx(168,5): error TS2353: Object literal may only specify known properties, and 'admissionNote' does not exist in type '{ title: string; subtitle: string; howTitle: string; step1: string; step2: string; step3: string; openForm: string; tip: string; deadline: string; dateLabel: string; placeLabel: string; admissionLabel: string; ... 5 more ...; contactUs: string; }'.
src/components/RegistrationEmbed.tsx(187,5): error TS2353: Object literal may only specify known properties, and 'admissionNote' does not exist in type '{ title: string; subtitle: string; howTitle: string; step1: string; step2: string; step3: string; openForm: string; tip: string; deadline: string; dateLabel: string; placeLabel: string; admissionLabel: string; ... 5 more ...; contactUs: string; }'.
src/components/RegistrationEmbed.tsx(206,5): error TS2353: Object literal may only specify known properties, and 'admissionNote' does not exist in type '{ title: string; subtitle: string; howTitle: string; step1: string; step2: string; step3: string; openForm: string; tip: string; deadline: string; dateLabel: string; placeLabel: string; admissionLabel: string; ... 5 more ...; contactUs: string; }'.
src/components/RegistrationEmbed.tsx(225,5): error TS2353: Object literal may only specify known properties, and 'admissionNote' does not exist in type '{ title: string; subtitle: string; howTitle: string; step1: string; step2: string; step3: string; openForm: string; tip: string; deadline: string; dateLabel: string; placeLabel: string; admissionLabel: string; ... 5 more ...; contactUs: string; }'.
src/components/RegistrationEmbed.tsx(244,5): error TS2353: Object literal may only specify known properties, and 'admissionNote' does not exist in type '{ title: string; subtitle: string; howTitle: string; step1: string; step2: string; step3: string; openForm: string; tip: string; deadline: string; dateLabel: string; placeLabel: string; admissionLabel: string; ... 5 more ...; contactUs: string; }'.
src/components/RegistrationEmbed.tsx(263,5): error TS2353: Object literal may only specify known properties, and 'admissionNote' does not exist in type '{ title: string; subtitle: string; howTitle: string; step1: string; step2: string; step3: string; openForm: string; tip: string; deadline: string; dateLabel: string; placeLabel: string; admissionLabel: string; ... 5 more ...; contactUs: string; }'.
src/components/RegistrationEmbed.tsx(282,5): error TS2353: Object literal may only specify known properties, and 'admissionNote' does not exist in type '{ title: string; subtitle: string; howTitle: string; step1: string; step2: string; step3: string; openForm: string; tip: string; deadline: string; dateLabel: string; placeLabel: string; admissionLabel: string; ... 5 more ...; contactUs: string; }'.
src/components/RegistrationEmbed.tsx(301,5): error TS2353: Object literal may only specify known properties, and 'admissionNote' does not exist in type '{ title: string; subtitle: string; howTitle: string; step1: string; step2: string; step3: string; openForm: string; tip: string; deadline: string; dateLabel: string; placeLabel: string; admissionLabel: string; ... 5 more ...; contactUs: string; }'.
src/components/RegistrationEmbed.tsx(320,5): error TS2353: Object literal may only specify known properties, and 'admissionNote' does not exist in type '{ title: string; subtitle: string; howTitle: string; step1: string; step2: string; step3: string; openForm: string; tip: string; deadline: string; dateLabel: string; placeLabel: string; admissionLabel: string; ... 5 more ...; contactUs: string; }'.
src/components/RegistrationEmbed.tsx(339,5): error TS2353: Object literal may only specify known properties, and 'admissionNote' does not exist in type '{ title: string; subtitle: string; howTitle: string; step1: string; step2: string; step3: string; openForm: string; tip: string; deadline: string; dateLabel: string; placeLabel: string; admissionLabel: string; ... 5 more ...; contactUs: string; }'.
src/components/RegistrationEmbed.tsx(358,5): error TS2353: Object literal may only specify known properties, and 'admissionNote' does not exist in type '{ title: string; subtitle: string; howTitle: string; step1: string; step2: string; step3: string; openForm: string; tip: string; deadline: string; dateLabel: string; placeLabel: string; admissionLabel: string; ... 5 more ...; contactUs: string; }'.
src/components/RegistrationEmbed.tsx(377,5): error TS2353: Object literal may only specify known properties, and 'admissionNote' does not exist in type '{ title: string; subtitle: string; howTitle: string; step1: string; step2: string; step3: string; openForm: string; tip: string; deadline: string; dateLabel: string; placeLabel: string; admissionLabel: string; ... 5 more ...; contactUs: string; }'.
src/components/RegistrationEmbed.tsx(396,5): error TS2353: Object literal may only specify known properties, and 'admissionNote' does not exist in type '{ title: string; subtitle: string; howTitle: string; step1: string; step2: string; step3: string; openForm: string; tip: string; deadline: string; dateLabel: string; placeLabel: string; admissionLabel: string; ... 5 more ...; contactUs: string; }'.

# Previously fixed (initial run also had):
# src/i18n/utils.ts(2,28): error TS2305: Module '"./ui"' has no exported member 'UiStrings'.
